[debug] [2025-10-06T12:04:07.578Z] ----------------------------------------------------------------------
[debug] [2025-10-06T12:04:07.633Z] Command:       C:\Program Files\nodejs\node.exe C:\Users\Vegito\AppData\Roaming\npm\node_modules\firebase-tools\lib\bin\firebase.js emulators:start
[debug] [2025-10-06T12:04:07.633Z] CLI Version:   14.18.0
[debug] [2025-10-06T12:04:07.633Z] Platform:      win32
[debug] [2025-10-06T12:04:07.633Z] Node Version:  v22.20.0
[debug] [2025-10-06T12:04:07.634Z] Time:          Mon Oct 06 2025 15:04:07 GMT+0300 (Източноевропейско лятно часово време)
[debug] [2025-10-06T12:04:07.635Z] ----------------------------------------------------------------------
[debug] 
[debug] [2025-10-06T12:04:07.888Z] > command requires scopes: ["email","openid","https://www.googleapis.com/auth/cloudplatformprojects.readonly","https://www.googleapis.com/auth/firebase","https://www.googleapis.com/auth/cloud-platform"]
[debug] Failed to authenticate, have you run firebase login?
[warn] !  emulators: You are not currently authenticated so some features may not work correctly. Please run firebase login to authenticate the CLI. 
[debug] [2025-10-06T12:04:08.131Z] java version "17.0.16" 2025-07-15 LTS
Java(TM) SE Runtime Environment (build 17.0.16+12-LTS-247)
Java HotSpot(TM) 64-Bit Server VM (build 17.0.16+12-LTS-247, mixed mode, sharing)

[debug] [2025-10-06T12:04:08.162Z] Parsed Java major version: 17
[info] i  emulators: Starting emulators: auth, functions, firestore, hosting, storage, extensions {"metadata":{"emulator":{"name":"hub"},"message":"Starting emulators: auth, functions, firestore, hosting, storage, extensions"}}
[debug] [2025-10-06T12:04:08.165Z] No OAuth tokens found
[debug] [2025-10-06T12:04:08.166Z] No OAuth tokens found
[debug] [2025-10-06T12:04:08.166Z] > command requires scopes: ["email","openid","https://www.googleapis.com/auth/cloudplatformprojects.readonly","https://www.googleapis.com/auth/firebase","https://www.googleapis.com/auth/cloud-platform"]
[debug] [2025-10-06T12:04:08.166Z] Unable to check that https://cloudresourcemanager.googleapis.com is enabled on qrmenu-pwa-firebase. Calls to it will fail if it is not enabled
[debug] [2025-10-06T12:04:08.167Z] No OAuth tokens found
[debug] [2025-10-06T12:04:08.167Z] No OAuth tokens found
[debug] [2025-10-06T12:04:08.167Z] > command requires scopes: ["email","openid","https://www.googleapis.com/auth/cloudplatformprojects.readonly","https://www.googleapis.com/auth/firebase","https://www.googleapis.com/auth/cloud-platform"]
[error] !!  extensions: Unable to look up project number for qrmenu-pwa-firebase.
 If this is a real project, ensure that you are logged in and have access to it.
 If this is a fake project, please use a project ID starting with 'demo-' to skip production calls.
 Continuing with a fake project number - secrets and other features that require production access may behave unexpectedly. {"metadata":{"emulator":{"name":"extensions"},"message":"Unable to look up project number for qrmenu-pwa-firebase.\n If this is a real project, ensure that you are logged in and have access to it.\n If this is a fake project, please use a project ID starting with 'demo-' to skip production calls.\n Continuing with a fake project number - secrets and other features that require production access may behave unexpectedly."}}
[debug] [2025-10-06T12:04:08.188Z] [logging] Logging Emulator only supports listening on one address (127.0.0.1). Not listening on ::1
[debug] [2025-10-06T12:04:08.188Z] [auth] Authentication Emulator only supports listening on one address (127.0.0.1). Not listening on ::1
[debug] [2025-10-06T12:04:08.188Z] [firestore] Firestore Emulator only supports listening on one address (127.0.0.1). Not listening on ::1
[debug] [2025-10-06T12:04:08.188Z] [firestore.websocket] websocket server for firestore only supports listening on one address (127.0.0.1). Not listening on ::1
[debug] [2025-10-06T12:04:08.189Z] [hosting] Hosting Emulator only supports listening on one address (127.0.0.1). Not listening on ::1
[debug] [2025-10-06T12:04:08.189Z] [storage] Storage Emulator only supports listening on one address (127.0.0.1). Not listening on ::1
[debug] [2025-10-06T12:04:08.189Z] assigned listening specs for emulators {"user":{"hub":[{"address":"127.0.0.1","family":"IPv4","port":4400},{"address":"::1","family":"IPv6","port":4400}],"ui":[{"address":"127.0.0.1","family":"IPv4","port":4000},{"address":"::1","family":"IPv6","port":4000}],"logging":[{"address":"127.0.0.1","family":"IPv4","port":4500}],"auth":[{"address":"127.0.0.1","family":"IPv4","port":9099}],"firestore":[{"address":"127.0.0.1","family":"IPv4","port":8082}],"firestore.websocket":[{"address":"127.0.0.1","family":"IPv4","port":9150}],"hosting":[{"address":"127.0.0.1","family":"IPv4","port":5000}],"storage":[{"address":"127.0.0.1","family":"IPv4","port":9199}]},"metadata":{"message":"assigned listening specs for emulators"}}
[debug] [2025-10-06T12:04:08.193Z] Emulator locator file path: C:\Users\Vegito\AppData\Local\Temp\hub-qrmenu-pwa-firebase.json
[debug] [2025-10-06T12:04:08.193Z] [hub] writing locator at C:\Users\Vegito\AppData\Local\Temp\hub-qrmenu-pwa-firebase.json
[debug] [2025-10-06T12:04:08.203Z] [Extensions] Started Extensions emulator, this is a noop.
[debug] [2025-10-06T12:04:08.208Z] [functions] Functions Emulator only supports listening on one address (127.0.0.1). Not listening on ::1
[debug] [2025-10-06T12:04:08.208Z] [eventarc] Eventarc Emulator only supports listening on one address (127.0.0.1). Not listening on ::1
[debug] [2025-10-06T12:04:08.208Z] [tasks] Cloud Tasks Emulator only supports listening on one address (127.0.0.1). Not listening on ::1
[debug] [2025-10-06T12:04:08.209Z] late-assigned ports for functions and eventarc emulators {"user":{"hub":[{"address":"127.0.0.1","family":"IPv4","port":4400},{"address":"::1","family":"IPv6","port":4400}],"ui":[{"address":"127.0.0.1","family":"IPv4","port":4000},{"address":"::1","family":"IPv6","port":4000}],"logging":[{"address":"127.0.0.1","family":"IPv4","port":4500}],"auth":[{"address":"127.0.0.1","family":"IPv4","port":9099}],"firestore":[{"address":"127.0.0.1","family":"IPv4","port":8082}],"firestore.websocket":[{"address":"127.0.0.1","family":"IPv4","port":9150}],"hosting":[{"address":"127.0.0.1","family":"IPv4","port":5000}],"storage":[{"address":"127.0.0.1","family":"IPv4","port":9199}],"functions":[{"address":"127.0.0.1","family":"IPv4","port":5001}],"eventarc":[{"address":"127.0.0.1","family":"IPv4","port":9299}],"tasks":[{"address":"127.0.0.1","family":"IPv4","port":9499}]},"metadata":{"message":"late-assigned ports for functions and eventarc emulators"}}
[warn] !  functions: The following emulators are not running, calls to these services from the Functions emulator will affect production: apphosting, database, pubsub, dataconnect {"metadata":{"emulator":{"name":"functions"},"message":"The following emulators are not running, calls to these services from the Functions emulator will affect production: \u001b[1mapphosting, database, pubsub, dataconnect\u001b[22m"}}
[debug] [2025-10-06T12:04:08.212Z] No OAuth tokens found
[debug] [2025-10-06T12:04:08.212Z] No OAuth tokens found
[debug] [2025-10-06T12:04:08.212Z] > command requires scopes: ["email","openid","https://www.googleapis.com/auth/cloudplatformprojects.readonly","https://www.googleapis.com/auth/firebase","https://www.googleapis.com/auth/cloud-platform"]
[debug] [2025-10-06T12:04:08.212Z] Failed to get Admin SDK config for qrmenu-pwa-firebase, falling back to cache Failed to get Admin SDK for Firebase project qrmenu-pwa-firebase. Please make sure the project exists and your account has permission to access it. {"name":"FirebaseError","children":[],"exit":2,"message":"Failed to get Admin SDK for Firebase project qrmenu-pwa-firebase. Please make sure the project exists and your account has permission to access it.","original":{"name":"FirebaseError","children":[],"exit":1,"message":"Failed to authenticate, have you run \u001b[1mfirebase login\u001b[22m?","original":{},"status":500},"status":500}
[warn] !  functions: Unable to fetch project Admin SDK configuration, Admin SDK behavior in Cloud Functions emulator may be incorrect. {"metadata":{"emulator":{"name":"functions"},"message":"Unable to fetch project Admin SDK configuration, Admin SDK behavior in Cloud Functions emulator may be incorrect."}}
[info] i  firestore: downloading cloud-firestore-emulator-v1.19.8.jar... {"metadata":{"emulator":{"name":"firestore"},"message":"downloading cloud-firestore-emulator-v1.19.8.jar..."}}
[debug] [2025-10-06T12:04:08.242Z] >>> [apiv2][query] GET https://storage.googleapis.com/firebase-preview-drop/emulator/cloud-firestore-emulator-v1.19.8.jar 
[debug] [2025-10-06T12:04:08.759Z] <<< [apiv2][status] GET https://storage.googleapis.com/firebase-preview-drop/emulator/cloud-firestore-emulator-v1.19.8.jar 200
[debug] [2025-10-06T12:04:08.759Z] <<< [apiv2][body] GET https://storage.googleapis.com/firebase-preview-drop/emulator/cloud-firestore-emulator-v1.19.8.jar [stream]
[debug] [2025-10-06T12:04:15.688Z] Ignoring unsupported arg: auto_download {"metadata":{"emulator":{"name":"firestore"},"message":"Ignoring unsupported arg: auto_download"}}
[debug] [2025-10-06T12:04:15.689Z] Ignoring unsupported arg: single_project_mode_error {"metadata":{"emulator":{"name":"firestore"},"message":"Ignoring unsupported arg: single_project_mode_error"}}
[debug] [2025-10-06T12:04:15.689Z] Starting Firestore Emulator with command {"binary":"java","args":["-Dgoogle.cloud_firestore.debug_log_level=FINE","-Duser.language=en","-jar","C:\\Users\\Vegito\\.cache\\firebase\\emulators\\cloud-firestore-emulator-v1.19.8.jar","--host","127.0.0.1","--port",8082,"--websocket_port",9150,"--project_id","qrmenu-pwa-firebase","--rules","C:\\Users\\Vegito\\HW\\qrmenu\\firestore.rules","--single_project_mode",true,"--functions_emulator","127.0.0.1:5001"],"optionalArgs":["port","webchannel_port","host","rules","websocket_port","functions_emulator","seed_from_export","project_id","single_project_mode"],"joinArgs":false,"shell":false,"port":8082} {"metadata":{"emulator":{"name":"firestore"},"message":"Starting Firestore Emulator with command {\"binary\":\"java\",\"args\":[\"-Dgoogle.cloud_firestore.debug_log_level=FINE\",\"-Duser.language=en\",\"-jar\",\"C:\\\\Users\\\\Vegito\\\\.cache\\\\firebase\\\\emulators\\\\cloud-firestore-emulator-v1.19.8.jar\",\"--host\",\"127.0.0.1\",\"--port\",8082,\"--websocket_port\",9150,\"--project_id\",\"qrmenu-pwa-firebase\",\"--rules\",\"C:\\\\Users\\\\Vegito\\\\HW\\\\qrmenu\\\\firestore.rules\",\"--single_project_mode\",true,\"--functions_emulator\",\"127.0.0.1:5001\"],\"optionalArgs\":[\"port\",\"webchannel_port\",\"host\",\"rules\",\"websocket_port\",\"functions_emulator\",\"seed_from_export\",\"project_id\",\"single_project_mode\"],\"joinArgs\":false,\"shell\":false,\"port\":8082}"}}
[info] i  firestore: Firestore Emulator logging to firestore-debug.log {"metadata":{"emulator":{"name":"firestore"},"message":"Firestore Emulator logging to \u001b[1mfirestore-debug.log\u001b[22m"}}
[info] +  firestore: Firestore Emulator UI websocket is running on 9150. {"metadata":{"emulator":{"name":"firestore"},"message":"Firestore Emulator UI websocket is running on 9150."}}
[info] i  storage: downloading cloud-storage-rules-runtime-v1.1.3.jar... {"metadata":{"emulator":{"name":"storage"},"message":"downloading cloud-storage-rules-runtime-v1.1.3.jar..."}}
[debug] [2025-10-06T12:04:27.732Z] >>> [apiv2][query] GET https://storage.googleapis.com/firebase-preview-drop/emulator/cloud-storage-rules-runtime-v1.1.3.jar 
[debug] [2025-10-06T12:04:28.092Z] <<< [apiv2][status] GET https://storage.googleapis.com/firebase-preview-drop/emulator/cloud-storage-rules-runtime-v1.1.3.jar 200
[debug] [2025-10-06T12:04:28.092Z] <<< [apiv2][body] GET https://storage.googleapis.com/firebase-preview-drop/emulator/cloud-storage-rules-runtime-v1.1.3.jar [stream]
[debug] [2025-10-06T12:04:32.613Z] Ignoring unsupported arg: port {"metadata":{"emulator":{"name":"storage"},"message":"Ignoring unsupported arg: port"}}
[debug] [2025-10-06T12:04:34.260Z] Temp file directory for storage emulator: C:\Users\Vegito\AppData\Local\Temp/firebase/storage/blobs {"metadata":{"emulator":{"name":"storage"},"message":"Temp file directory for storage emulator: C:\\Users\\Vegito\\AppData\\Local\\Temp/firebase/storage/blobs"}}
[debug] [2025-10-06T12:04:34.269Z] No OAuth tokens found
[debug] [2025-10-06T12:04:34.269Z] No OAuth tokens found
[debug] [2025-10-06T12:04:34.269Z] > command requires scopes: ["email","openid","https://www.googleapis.com/auth/cloudplatformprojects.readonly","https://www.googleapis.com/auth/firebase","https://www.googleapis.com/auth/cloud-platform"]
[debug] [2025-10-06T12:04:34.271Z] Failed to list hosting sites
[debug] Failed to authenticate, have you run firebase login?
[debug] [2025-10-06T12:04:34.272Z] No OAuth tokens found
[debug] [2025-10-06T12:04:34.272Z] No OAuth tokens found
[debug] [2025-10-06T12:04:34.272Z] > command requires scopes: ["email","openid","https://www.googleapis.com/auth/cloudplatformprojects.readonly","https://www.googleapis.com/auth/firebase","https://www.googleapis.com/auth/cloud-platform"]
[debug] [2025-10-06T12:04:34.273Z] fetchWebSetup error: FirebaseError: Failed to authenticate, have you run firebase login?
[warn] !  hosting: Could not fetch web app configuration and there is no cached configuration on this machine. Check your internet connection and make sure you are authenticated. To continue, you must call firebase.initializeApp({...}) in your code before using Firebase. 
[debug] [2025-10-06T12:04:34.277Z] No OAuth tokens found
[debug] [2025-10-06T12:04:34.278Z] No OAuth tokens found
[debug] [2025-10-06T12:04:34.278Z] > command requires scopes: ["email","openid","https://www.googleapis.com/auth/cloudplatformprojects.readonly","https://www.googleapis.com/auth/firebase","https://www.googleapis.com/auth/cloud-platform"]
[debug] [2025-10-06T12:04:34.279Z] Failed to authenticate, have you run firebase login? (original: Could not load the default credentials. Browse to https://cloud.google.com/docs/authentication/getting-started for more information.)
[debug] [2025-10-06T12:04:34.281Z] Specified "public" directory "web/dist" does not exist; Deploy to Hosting site "qrmenu-pwa-firebase" may fail or be empty.
[info] i  hosting[qrmenu-pwa-firebase]: Serving hosting files from: web/dist {"metadata":{"emulator":{"name":"hosting"},"message":"Serving hosting files from: \u001b[1mweb/dist\u001b[22m"}}
[info] +  hosting[qrmenu-pwa-firebase]: Local server: http://127.0.0.1:5000 {"metadata":{"emulator":{"name":"hosting"},"message":"Local server: \u001b[4m\u001b[1mhttp://127.0.0.1:5000\u001b[22m\u001b[24m"}}
[info] i  ui: downloading ui-v1.15.0.zip... {"metadata":{"emulator":{"name":"ui"},"message":"downloading ui-v1.15.0.zip..."}}
[debug] [2025-10-06T12:04:34.342Z] >>> [apiv2][query] GET https://storage.googleapis.com/firebase-preview-drop/emulator/ui-v1.15.0.zip 
[debug] [2025-10-06T12:04:34.402Z] <<< [apiv2][status] GET https://storage.googleapis.com/firebase-preview-drop/emulator/ui-v1.15.0.zip 200
[debug] [2025-10-06T12:04:34.403Z] <<< [apiv2][body] GET https://storage.googleapis.com/firebase-preview-drop/emulator/ui-v1.15.0.zip [stream]
[debug] [2025-10-06T12:04:34.679Z] Data is 3538469
[debug] [2025-10-06T12:04:34.679Z] [unzip] Entry: client/ (compressed_size=0 bytes, uncompressed_size=0 bytes)
[debug] [2025-10-06T12:04:34.679Z] [unzip] Processing entry: client\
[debug] [2025-10-06T12:04:34.679Z] [unzip] mkdir: C:\Users\Vegito\.cache\firebase\emulators\ui-v1.15.0\client\
[debug] [2025-10-06T12:04:34.681Z] [unzip] Entry: client/favicon-16x16.png (compressed_size=293 bytes, uncompressed_size=293 bytes)
[debug] [2025-10-06T12:04:34.682Z] [unzip] Processing entry: client\favicon-16x16.png
[debug] [2025-10-06T12:04:34.682Z] [unzip] else mkdir: C:\Users\Vegito\.cache\firebase\emulators\ui-v1.15.0\client
[debug] [2025-10-06T12:04:34.682Z] [unzip] Writing file: C:\Users\Vegito\.cache\firebase\emulators\ui-v1.15.0\client\favicon-16x16.png
[debug] [2025-10-06T12:04:34.685Z] [unzip] Entry: client/safari-pinned-tab.svg (compressed_size=1433 bytes, uncompressed_size=2611 bytes)
[debug] [2025-10-06T12:04:34.685Z] [unzip] Processing entry: client\safari-pinned-tab.svg
[debug] [2025-10-06T12:04:34.685Z] [unzip] else mkdir: C:\Users\Vegito\.cache\firebase\emulators\ui-v1.15.0\client
[debug] [2025-10-06T12:04:34.686Z] [unzip] deflating: C:\Users\Vegito\.cache\firebase\emulators\ui-v1.15.0\client\safari-pinned-tab.svg
[debug] [2025-10-06T12:04:34.697Z] [unzip] Entry: client/favicon.ico (compressed_size=2933 bytes, uncompressed_size=13294 bytes)
[debug] [2025-10-06T12:04:34.698Z] [unzip] Processing entry: client\favicon.ico
[debug] [2025-10-06T12:04:34.698Z] [unzip] else mkdir: C:\Users\Vegito\.cache\firebase\emulators\ui-v1.15.0\client
[debug] [2025-10-06T12:04:34.698Z] [unzip] deflating: C:\Users\Vegito\.cache\firebase\emulators\ui-v1.15.0\client\favicon.ico
[debug] [2025-10-06T12:04:34.702Z] [unzip] Entry: client/index.html (compressed_size=1364 bytes, uncompressed_size=3071 bytes)
[debug] [2025-10-06T12:04:34.703Z] [unzip] Processing entry: client\index.html
[debug] [2025-10-06T12:04:34.703Z] [unzip] else mkdir: C:\Users\Vegito\.cache\firebase\emulators\ui-v1.15.0\client
[debug] [2025-10-06T12:04:34.704Z] [unzip] deflating: C:\Users\Vegito\.cache\firebase\emulators\ui-v1.15.0\client\index.html
[debug] [2025-10-06T12:04:34.707Z] [unzip] Entry: client/android-chrome-192x192.png (compressed_size=2684 bytes, uncompressed_size=2684 bytes)
[debug] [2025-10-06T12:04:34.707Z] [unzip] Processing entry: client\android-chrome-192x192.png
[debug] [2025-10-06T12:04:34.707Z] [unzip] else mkdir: C:\Users\Vegito\.cache\firebase\emulators\ui-v1.15.0\client
[debug] [2025-10-06T12:04:34.708Z] [unzip] Writing file: C:\Users\Vegito\.cache\firebase\emulators\ui-v1.15.0\client\android-chrome-192x192.png
[debug] [2025-10-06T12:04:34.710Z] [unzip] Entry: client/apple-touch-icon.png (compressed_size=2123 bytes, uncompressed_size=2152 bytes)
[debug] [2025-10-06T12:04:34.711Z] [unzip] Processing entry: client\apple-touch-icon.png
[debug] [2025-10-06T12:04:34.711Z] [unzip] else mkdir: C:\Users\Vegito\.cache\firebase\emulators\ui-v1.15.0\client
[debug] [2025-10-06T12:04:34.712Z] [unzip] deflating: C:\Users\Vegito\.cache\firebase\emulators\ui-v1.15.0\client\apple-touch-icon.png
[debug] [2025-10-06T12:04:34.715Z] [unzip] Entry: client/android-chrome-512x512.png (compressed_size=5369 bytes, uncompressed_size=5411 bytes)
[debug] [2025-10-06T12:04:34.715Z] [unzip] Processing entry: client\android-chrome-512x512.png
[debug] [2025-10-06T12:04:34.715Z] [unzip] else mkdir: C:\Users\Vegito\.cache\firebase\emulators\ui-v1.15.0\client
[debug] [2025-10-06T12:04:34.716Z] [unzip] deflating: C:\Users\Vegito\.cache\firebase\emulators\ui-v1.15.0\client\android-chrome-512x512.png
[debug] [2025-10-06T12:04:34.720Z] [unzip] Entry: client/manifest.json (compressed_size=245 bytes, uncompressed_size=551 bytes)
[debug] [2025-10-06T12:04:34.720Z] [unzip] Processing entry: client\manifest.json
[debug] [2025-10-06T12:04:34.720Z] [unzip] else mkdir: C:\Users\Vegito\.cache\firebase\emulators\ui-v1.15.0\client
[debug] [2025-10-06T12:04:34.721Z] [unzip] deflating: C:\Users\Vegito\.cache\firebase\emulators\ui-v1.15.0\client\manifest.json
[debug] [2025-10-06T12:04:34.724Z] [unzip] Entry: client/robots.txt (compressed_size=26 bytes, uncompressed_size=26 bytes)
[debug] [2025-10-06T12:04:34.724Z] [unzip] Processing entry: client\robots.txt
[debug] [2025-10-06T12:04:34.724Z] [unzip] else mkdir: C:\Users\Vegito\.cache\firebase\emulators\ui-v1.15.0\client
[debug] [2025-10-06T12:04:34.725Z] [unzip] Writing file: C:\Users\Vegito\.cache\firebase\emulators\ui-v1.15.0\client\robots.txt
[debug] [2025-10-06T12:04:34.727Z] [unzip] Entry: client/mstile-150x150.png (compressed_size=2034 bytes, uncompressed_size=2034 bytes)
[debug] [2025-10-06T12:04:34.727Z] [unzip] Processing entry: client\mstile-150x150.png
[debug] [2025-10-06T12:04:34.727Z] [unzip] else mkdir: C:\Users\Vegito\.cache\firebase\emulators\ui-v1.15.0\client
[debug] [2025-10-06T12:04:34.728Z] [unzip] Writing file: C:\Users\Vegito\.cache\firebase\emulators\ui-v1.15.0\client\mstile-150x150.png
[debug] [2025-10-06T12:04:34.730Z] [unzip] Entry: client/assets/ (compressed_size=0 bytes, uncompressed_size=0 bytes)
[debug] [2025-10-06T12:04:34.730Z] [unzip] Processing entry: client\assets\
[debug] [2025-10-06T12:04:34.730Z] [unzip] mkdir: C:\Users\Vegito\.cache\firebase\emulators\ui-v1.15.0\client\assets\
[debug] [2025-10-06T12:04:34.732Z] [unzip] Entry: client/assets/index-BX-A56oj.js (compressed_size=582089 bytes, uncompressed_size=2092775 bytes)
[debug] [2025-10-06T12:04:34.732Z] [unzip] Processing entry: client\assets\index-BX-A56oj.js
[debug] [2025-10-06T12:04:34.732Z] [unzip] else mkdir: C:\Users\Vegito\.cache\firebase\emulators\ui-v1.15.0\client\assets
[debug] [2025-10-06T12:04:34.733Z] [unzip] deflating: C:\Users\Vegito\.cache\firebase\emulators\ui-v1.15.0\client\assets\index-BX-A56oj.js
[debug] [2025-10-06T12:04:34.752Z] [unzip] Entry: client/assets/index-CjB9C900.css (compressed_size=35979 bytes, uncompressed_size=298654 bytes)
[debug] [2025-10-06T12:04:34.752Z] [unzip] Processing entry: client\assets\index-CjB9C900.css
[debug] [2025-10-06T12:04:34.752Z] [unzip] else mkdir: C:\Users\Vegito\.cache\firebase\emulators\ui-v1.15.0\client\assets
[debug] [2025-10-06T12:04:34.753Z] [unzip] deflating: C:\Users\Vegito\.cache\firebase\emulators\ui-v1.15.0\client\assets\index-CjB9C900.css
[debug] [2025-10-06T12:04:34.758Z] [unzip] Entry: client/assets/index-BX-A56oj.js.map (compressed_size=2362482 bytes, uncompressed_size=10036679 bytes)
[debug] [2025-10-06T12:04:34.759Z] [unzip] Processing entry: client\assets\index-BX-A56oj.js.map
[debug] [2025-10-06T12:04:34.759Z] [unzip] else mkdir: C:\Users\Vegito\.cache\firebase\emulators\ui-v1.15.0\client\assets
[debug] [2025-10-06T12:04:34.760Z] [unzip] deflating: C:\Users\Vegito\.cache\firebase\emulators\ui-v1.15.0\client\assets\index-BX-A56oj.js.map
[debug] [2025-10-06T12:04:34.838Z] [unzip] Entry: client/assets/extensions/ (compressed_size=0 bytes, uncompressed_size=0 bytes)
[debug] [2025-10-06T12:04:34.838Z] [unzip] Processing entry: client\assets\extensions\
[debug] [2025-10-06T12:04:34.838Z] [unzip] mkdir: C:\Users\Vegito\.cache\firebase\emulators\ui-v1.15.0\client\assets\extensions\
[debug] [2025-10-06T12:04:34.839Z] [unzip] Entry: client/assets/extensions/default-extension.png (compressed_size=1646 bytes, uncompressed_size=1657 bytes)
[debug] [2025-10-06T12:04:34.840Z] [unzip] Processing entry: client\assets\extensions\default-extension.png
[debug] [2025-10-06T12:04:34.840Z] [unzip] else mkdir: C:\Users\Vegito\.cache\firebase\emulators\ui-v1.15.0\client\assets\extensions
[debug] [2025-10-06T12:04:34.841Z] [unzip] deflating: C:\Users\Vegito\.cache\firebase\emulators\ui-v1.15.0\client\assets\extensions\default-extension.png
[debug] [2025-10-06T12:04:34.843Z] [unzip] Entry: client/assets/img/ (compressed_size=0 bytes, uncompressed_size=0 bytes)
[debug] [2025-10-06T12:04:34.844Z] [unzip] Processing entry: client\assets\img\
[debug] [2025-10-06T12:04:34.844Z] [unzip] mkdir: C:\Users\Vegito\.cache\firebase\emulators\ui-v1.15.0\client\assets\img\
[debug] [2025-10-06T12:04:34.845Z] [unzip] Entry: client/assets/img/database.png (compressed_size=29449 bytes, uncompressed_size=29988 bytes)
[debug] [2025-10-06T12:04:34.845Z] [unzip] Processing entry: client\assets\img\database.png
[debug] [2025-10-06T12:04:34.845Z] [unzip] else mkdir: C:\Users\Vegito\.cache\firebase\emulators\ui-v1.15.0\client\assets\img
[debug] [2025-10-06T12:04:34.846Z] [unzip] deflating: C:\Users\Vegito\.cache\firebase\emulators\ui-v1.15.0\client\assets\img\database.png
[debug] [2025-10-06T12:04:34.848Z] [unzip] Entry: client/assets/provider-icons/ (compressed_size=0 bytes, uncompressed_size=0 bytes)
[debug] [2025-10-06T12:04:34.849Z] [unzip] Processing entry: client\assets\provider-icons\
[debug] [2025-10-06T12:04:34.849Z] [unzip] mkdir: C:\Users\Vegito\.cache\firebase\emulators\ui-v1.15.0\client\assets\provider-icons\
[debug] [2025-10-06T12:04:34.850Z] [unzip] Entry: client/assets/provider-icons/auth_service_saml.svg (compressed_size=575 bytes, uncompressed_size=1226 bytes)
[debug] [2025-10-06T12:04:34.850Z] [unzip] Processing entry: client\assets\provider-icons\auth_service_saml.svg
[debug] [2025-10-06T12:04:34.850Z] [unzip] else mkdir: C:\Users\Vegito\.cache\firebase\emulators\ui-v1.15.0\client\assets\provider-icons
[debug] [2025-10-06T12:04:34.851Z] [unzip] deflating: C:\Users\Vegito\.cache\firebase\emulators\ui-v1.15.0\client\assets\provider-icons\auth_service_saml.svg
[debug] [2025-10-06T12:04:34.854Z] [unzip] Entry: client/assets/provider-icons/auth_service_phone.svg (compressed_size=261 bytes, uncompressed_size=414 bytes)
[debug] [2025-10-06T12:04:34.854Z] [unzip] Processing entry: client\assets\provider-icons\auth_service_phone.svg
[debug] [2025-10-06T12:04:34.854Z] [unzip] else mkdir: C:\Users\Vegito\.cache\firebase\emulators\ui-v1.15.0\client\assets\provider-icons
[debug] [2025-10-06T12:04:34.855Z] [unzip] deflating: C:\Users\Vegito\.cache\firebase\emulators\ui-v1.15.0\client\assets\provider-icons\auth_service_phone.svg
[debug] [2025-10-06T12:04:34.857Z] [unzip] Entry: client/assets/provider-icons/auth_service_facebook.svg (compressed_size=289 bytes, uncompressed_size=457 bytes)
[debug] [2025-10-06T12:04:34.858Z] [unzip] Processing entry: client\assets\provider-icons\auth_service_facebook.svg
[debug] [2025-10-06T12:04:34.858Z] [unzip] else mkdir: C:\Users\Vegito\.cache\firebase\emulators\ui-v1.15.0\client\assets\provider-icons
[debug] [2025-10-06T12:04:34.859Z] [unzip] deflating: C:\Users\Vegito\.cache\firebase\emulators\ui-v1.15.0\client\assets\provider-icons\auth_service_facebook.svg
[debug] [2025-10-06T12:04:34.862Z] [unzip] Entry: client/assets/provider-icons/auth_service_game_center.svg (compressed_size=991 bytes, uncompressed_size=3921 bytes)
[debug] [2025-10-06T12:04:34.862Z] [unzip] Processing entry: client\assets\provider-icons\auth_service_game_center.svg
[debug] [2025-10-06T12:04:34.862Z] [unzip] else mkdir: C:\Users\Vegito\.cache\firebase\emulators\ui-v1.15.0\client\assets\provider-icons
[debug] [2025-10-06T12:04:34.863Z] [unzip] deflating: C:\Users\Vegito\.cache\firebase\emulators\ui-v1.15.0\client\assets\provider-icons\auth_service_game_center.svg
[debug] [2025-10-06T12:04:34.866Z] [unzip] Entry: client/assets/provider-icons/auth_service_apple.svg (compressed_size=230 bytes, uncompressed_size=334 bytes)
[debug] [2025-10-06T12:04:34.866Z] [unzip] Processing entry: client\assets\provider-icons\auth_service_apple.svg
[debug] [2025-10-06T12:04:34.866Z] [unzip] else mkdir: C:\Users\Vegito\.cache\firebase\emulators\ui-v1.15.0\client\assets\provider-icons
[debug] [2025-10-06T12:04:34.867Z] [unzip] deflating: C:\Users\Vegito\.cache\firebase\emulators\ui-v1.15.0\client\assets\provider-icons\auth_service_apple.svg
[debug] [2025-10-06T12:04:34.870Z] [unzip] Entry: client/assets/provider-icons/auth_service_github.svg (compressed_size=466 bytes, uncompressed_size=838 bytes)
[debug] [2025-10-06T12:04:34.870Z] [unzip] Processing entry: client\assets\provider-icons\auth_service_github.svg
[debug] [2025-10-06T12:04:34.870Z] [unzip] else mkdir: C:\Users\Vegito\.cache\firebase\emulators\ui-v1.15.0\client\assets\provider-icons
[debug] [2025-10-06T12:04:34.871Z] [unzip] deflating: C:\Users\Vegito\.cache\firebase\emulators\ui-v1.15.0\client\assets\provider-icons\auth_service_github.svg
[debug] [2025-10-06T12:04:34.873Z] [unzip] Entry: client/assets/provider-icons/auth_service_mslive.svg (compressed_size=203 bytes, uncompressed_size=378 bytes)
[debug] [2025-10-06T12:04:34.874Z] [unzip] Processing entry: client\assets\provider-icons\auth_service_mslive.svg
[debug] [2025-10-06T12:04:34.874Z] [unzip] else mkdir: C:\Users\Vegito\.cache\firebase\emulators\ui-v1.15.0\client\assets\provider-icons
[debug] [2025-10-06T12:04:34.874Z] [unzip] deflating: C:\Users\Vegito\.cache\firebase\emulators\ui-v1.15.0\client\assets\provider-icons\auth_service_mslive.svg
[debug] [2025-10-06T12:04:34.877Z] [unzip] Entry: client/assets/provider-icons/auth_service_yahoo.svg (compressed_size=577 bytes, uncompressed_size=1182 bytes)
[debug] [2025-10-06T12:04:34.877Z] [unzip] Processing entry: client\assets\provider-icons\auth_service_yahoo.svg
[debug] [2025-10-06T12:04:34.877Z] [unzip] else mkdir: C:\Users\Vegito\.cache\firebase\emulators\ui-v1.15.0\client\assets\provider-icons
[debug] [2025-10-06T12:04:34.878Z] [unzip] deflating: C:\Users\Vegito\.cache\firebase\emulators\ui-v1.15.0\client\assets\provider-icons\auth_service_yahoo.svg
[debug] [2025-10-06T12:04:34.880Z] [unzip] Entry: client/assets/provider-icons/auth_service_twitter.svg (compressed_size=444 bytes, uncompressed_size=751 bytes)
[debug] [2025-10-06T12:04:34.880Z] [unzip] Processing entry: client\assets\provider-icons\auth_service_twitter.svg
[debug] [2025-10-06T12:04:34.880Z] [unzip] else mkdir: C:\Users\Vegito\.cache\firebase\emulators\ui-v1.15.0\client\assets\provider-icons
[debug] [2025-10-06T12:04:34.881Z] [unzip] deflating: C:\Users\Vegito\.cache\firebase\emulators\ui-v1.15.0\client\assets\provider-icons\auth_service_twitter.svg
[debug] [2025-10-06T12:04:34.883Z] [unzip] Entry: client/assets/provider-icons/auth_service_play_games.svg (compressed_size=565 bytes, uncompressed_size=1173 bytes)
[debug] [2025-10-06T12:04:34.883Z] [unzip] Processing entry: client\assets\provider-icons\auth_service_play_games.svg
[debug] [2025-10-06T12:04:34.883Z] [unzip] else mkdir: C:\Users\Vegito\.cache\firebase\emulators\ui-v1.15.0\client\assets\provider-icons
[debug] [2025-10-06T12:04:34.884Z] [unzip] deflating: C:\Users\Vegito\.cache\firebase\emulators\ui-v1.15.0\client\assets\provider-icons\auth_service_play_games.svg
[debug] [2025-10-06T12:04:34.887Z] [unzip] Entry: client/assets/provider-icons/auth_service_email.svg (compressed_size=228 bytes, uncompressed_size=326 bytes)
[debug] [2025-10-06T12:04:34.887Z] [unzip] Processing entry: client\assets\provider-icons\auth_service_email.svg
[debug] [2025-10-06T12:04:34.887Z] [unzip] else mkdir: C:\Users\Vegito\.cache\firebase\emulators\ui-v1.15.0\client\assets\provider-icons
[debug] [2025-10-06T12:04:34.888Z] [unzip] deflating: C:\Users\Vegito\.cache\firebase\emulators\ui-v1.15.0\client\assets\provider-icons\auth_service_email.svg
[debug] [2025-10-06T12:04:34.890Z] [unzip] Entry: client/assets/provider-icons/auth_service_google.svg (compressed_size=409 bytes, uncompressed_size=720 bytes)
[debug] [2025-10-06T12:04:34.891Z] [unzip] Processing entry: client\assets\provider-icons\auth_service_google.svg
[debug] [2025-10-06T12:04:34.891Z] [unzip] else mkdir: C:\Users\Vegito\.cache\firebase\emulators\ui-v1.15.0\client\assets\provider-icons
[debug] [2025-10-06T12:04:34.891Z] [unzip] deflating: C:\Users\Vegito\.cache\firebase\emulators\ui-v1.15.0\client\assets\provider-icons\auth_service_google.svg
[debug] [2025-10-06T12:04:34.893Z] [unzip] Entry: client/assets/provider-icons/auth_service_oidc.svg (compressed_size=414 bytes, uncompressed_size=858 bytes)
[debug] [2025-10-06T12:04:34.894Z] [unzip] Processing entry: client\assets\provider-icons\auth_service_oidc.svg
[debug] [2025-10-06T12:04:34.894Z] [unzip] else mkdir: C:\Users\Vegito\.cache\firebase\emulators\ui-v1.15.0\client\assets\provider-icons
[debug] [2025-10-06T12:04:34.894Z] [unzip] deflating: C:\Users\Vegito\.cache\firebase\emulators\ui-v1.15.0\client\assets\provider-icons\auth_service_oidc.svg
[debug] [2025-10-06T12:04:34.897Z] [unzip] Entry: client/browserconfig.xml (compressed_size=491 bytes, uncompressed_size=822 bytes)
[debug] [2025-10-06T12:04:34.897Z] [unzip] Processing entry: client\browserconfig.xml
[debug] [2025-10-06T12:04:34.897Z] [unzip] else mkdir: C:\Users\Vegito\.cache\firebase\emulators\ui-v1.15.0\client
[debug] [2025-10-06T12:04:34.898Z] [unzip] deflating: C:\Users\Vegito\.cache\firebase\emulators\ui-v1.15.0\client\browserconfig.xml
[debug] [2025-10-06T12:04:34.900Z] [unzip] Entry: client/favicon-32x32.png (compressed_size=475 bytes, uncompressed_size=475 bytes)
[debug] [2025-10-06T12:04:34.900Z] [unzip] Processing entry: client\favicon-32x32.png
[debug] [2025-10-06T12:04:34.900Z] [unzip] else mkdir: C:\Users\Vegito\.cache\firebase\emulators\ui-v1.15.0\client
[debug] [2025-10-06T12:04:34.901Z] [unzip] Writing file: C:\Users\Vegito\.cache\firebase\emulators\ui-v1.15.0\client\favicon-32x32.png
[debug] [2025-10-06T12:04:34.903Z] [unzip] Entry: server/ (compressed_size=0 bytes, uncompressed_size=0 bytes)
[debug] [2025-10-06T12:04:34.903Z] [unzip] Processing entry: server\
[debug] [2025-10-06T12:04:34.903Z] [unzip] mkdir: C:\Users\Vegito\.cache\firebase\emulators\ui-v1.15.0\server\
[debug] [2025-10-06T12:04:34.904Z] [unzip] Entry: server/server.mjs.map (compressed_size=217845 bytes, uncompressed_size=944978 bytes)
[debug] [2025-10-06T12:04:34.904Z] [unzip] Processing entry: server\server.mjs.map
[debug] [2025-10-06T12:04:34.904Z] [unzip] else mkdir: C:\Users\Vegito\.cache\firebase\emulators\ui-v1.15.0\server
[debug] [2025-10-06T12:04:34.905Z] [unzip] deflating: C:\Users\Vegito\.cache\firebase\emulators\ui-v1.15.0\server\server.mjs.map
[debug] [2025-10-06T12:04:34.914Z] [unzip] Entry: server/server.mjs (compressed_size=276407 bytes, uncompressed_size=933701 bytes)
[debug] [2025-10-06T12:04:34.915Z] [unzip] Processing entry: server\server.mjs
[debug] [2025-10-06T12:04:34.915Z] [unzip] else mkdir: C:\Users\Vegito\.cache\firebase\emulators\ui-v1.15.0\server
[debug] [2025-10-06T12:04:34.915Z] [unzip] deflating: C:\Users\Vegito\.cache\firebase\emulators\ui-v1.15.0\server\server.mjs
[debug] [2025-10-06T12:04:34.930Z] [Extensions] Connecting Extensions emulator, this is a noop.
[info] i  functions: Watching "C:\Users\Vegito\HW\qrmenu\functions" for Cloud Functions... {"metadata":{"emulator":{"name":"functions"},"message":"Watching \"C:\\Users\\Vegito\\HW\\qrmenu\\functions\" for Cloud Functions..."}}
[debug] [2025-10-06T12:04:34.938Z] Validating nodejs source
[warn] !  functions: package.json indicates an outdated version of firebase-functions. Please upgrade using npm install --save firebase-functions@latest in your functions directory. 
[warn] !  functions: Please note that there will be breaking changes when you upgrade. 
[debug] [2025-10-06T12:04:39.126Z] > [functions] package.json contents: {
  "name": "functions",
  "scripts": {
    "build": "tsc",
    "build:watch": "tsc --watch",
    "serve": "npm run build && firebase emulators:start --only functions",
    "shell": "npm run build && firebase functions:shell",
    "start": "npm run shell",
    "deploy": "firebase deploy --only functions",
    "logs": "firebase functions:log"
  },
  "engines": {
    "node": "18"
  },
  "main": "lib/index.js",
  "dependencies": {
    "firebase-admin": "^11.8.0",
    "firebase-functions": "^4.3.1"
  },
  "devDependencies": {
    "typescript": "^5.1.6"
  },
  "private": true
}
[debug] [2025-10-06T12:04:39.127Z] Building nodejs source
[debug] [2025-10-06T12:04:39.128Z] Failed to find version of module node: reached end of search path C:\Users\Vegito\HW\qrmenu\functions\node_modules
[warn] !  functions: Your requested "node" version "18" doesn't match your global version "22". Using node@22 from host. 
[info] i  functions: You are using a version of firebase-functions SDK (4.9.0) that does not have support for the newest Firebase Extensions features. Please update firebase-functions SDK to >=5.1.0 to use them correctly 
[debug] [2025-10-06T12:04:39.138Z] Could not find functions.yaml. Must use http discovery
[debug] [2025-10-06T12:04:39.158Z] Found firebase-functions binary at 'C:\Users\Vegito\HW\qrmenu\functions\node_modules\.bin\firebase-functions'
[info] Serving at port 8289

[debug] [2025-10-06T12:04:40.608Z] Got response from /__/functions.yaml {"endpoints":{"createOrder":{"platform":"gcfv1","labels":{},"availableMemoryMb":null,"timeoutSeconds":null,"minInstances":null,"maxInstances":null,"ingressSettings":null,"serviceAccountEmail":null,"vpc":null,"callableTrigger":{},"entryPoint":"createOrder"},"updateOrderStatus":{"platform":"gcfv1","labels":{},"availableMemoryMb":null,"timeoutSeconds":null,"minInstances":null,"maxInstances":null,"ingressSettings":null,"serviceAccountEmail":null,"vpc":null,"callableTrigger":{},"entryPoint":"updateOrderStatus"},"ordersOnCreate":{"platform":"gcfv1","availableMemoryMb":null,"timeoutSeconds":null,"minInstances":null,"maxInstances":null,"ingressSettings":null,"serviceAccountEmail":null,"vpc":null,"eventTrigger":{"eventType":"providers/cloud.firestore/eventTypes/document.create","eventFilters":{"resource":"projects/qrmenu-pwa-firebase/databases/(default)/documents/restaurants/{rid}/orders/{orderId}"},"retry":false},"labels":{},"entryPoint":"ordersOnCreate"},"paymentWebhook":{"platform":"gcfv1","availableMemoryMb":null,"timeoutSeconds":null,"minInstances":null,"maxInstances":null,"ingressSettings":null,"serviceAccountEmail":null,"vpc":null,"httpsTrigger":{},"entryPoint":"paymentWebhook"}},"specVersion":"v1alpha1","requiredAPIs":[]}
[info] +  functions: Loaded functions definitions from source: createOrder, updateOrderStatus, ordersOnCreate, paymentWebhook. {"metadata":{"emulator":{"name":"functions"},"message":"Loaded functions definitions from source: createOrder, updateOrderStatus, ordersOnCreate, paymentWebhook."}}
[info] +  functions[us-central1-createOrder]: http function initialized (http://127.0.0.1:5001/qrmenu-pwa-firebase/us-central1/createOrder). {"metadata":{"emulator":{"name":"functions"},"message":"\u001b[1mhttp\u001b[22m function initialized (http://127.0.0.1:5001/qrmenu-pwa-firebase/us-central1/createOrder)."}}
[info] +  functions[us-central1-updateOrderStatus]: http function initialized (http://127.0.0.1:5001/qrmenu-pwa-firebase/us-central1/updateOrderStatus). {"metadata":{"emulator":{"name":"functions"},"message":"\u001b[1mhttp\u001b[22m function initialized (http://127.0.0.1:5001/qrmenu-pwa-firebase/us-central1/updateOrderStatus)."}}
[debug] [2025-10-06T12:04:44.672Z] addFirestoreTrigger "{\"eventTrigger\":{\"eventType\":\"providers/cloud.firestore/eventTypes/document.create\",\"resource\":\"projects/qrmenu-pwa-firebase/databases/(default)/documents/restaurants/{rid}/orders/{orderId}\",\"service\":\"firestore.googleapis.com\"}}"
[debug] [2025-10-06T12:04:44.673Z] >>> [apiv2][query] PUT http://127.0.0.1:8082/emulator/v1/projects/qrmenu-pwa-firebase/triggers/us-central1-ordersOnCreate-0 [none]
[debug] [2025-10-06T12:04:44.673Z] >>> [apiv2][body] PUT http://127.0.0.1:8082/emulator/v1/projects/qrmenu-pwa-firebase/triggers/us-central1-ordersOnCreate-0 "{\"eventTrigger\":{\"eventType\":\"providers/cloud.firestore/eventTypes/document.create\",\"resource\":\"projects/qrmenu-pwa-firebase/databases/(default)/documents/restaurants/{rid}/orders/{orderId}\",\"service\":\"firestore.googleapis.com\"}}"
[debug] [2025-10-06T12:04:46.674Z] <<< [apiv2][status] PUT http://127.0.0.1:8082/emulator/v1/projects/qrmenu-pwa-firebase/triggers/us-central1-ordersOnCreate-0 200
[debug] [2025-10-06T12:04:46.674Z] <<< [apiv2][body] PUT http://127.0.0.1:8082/emulator/v1/projects/qrmenu-pwa-firebase/triggers/us-central1-ordersOnCreate-0 {}
[info] +  functions[us-central1-ordersOnCreate]: firestore function initialized. {"metadata":{"emulator":{"name":"functions"},"message":"\u001b[1mfirestore\u001b[22m function initialized."}}
[info] +  functions[us-central1-paymentWebhook]: http function initialized (http://127.0.0.1:5001/qrmenu-pwa-firebase/us-central1/paymentWebhook). {"metadata":{"emulator":{"name":"functions"},"message":"\u001b[1mhttp\u001b[22m function initialized (http://127.0.0.1:5001/qrmenu-pwa-firebase/us-central1/paymentWebhook)."}}
[debug] [2025-10-06T12:04:46.685Z] Could not find VSCode notification endpoint: FetchError: request to http://localhost:40001/vscode/notify failed, reason: . If you are not running the Firebase Data Connect VSCode extension, this is expected and not an issue.
[info] 
┌─────────────────────────────────────────────────────────────┐
│ ✔  All emulators ready! It is now safe to connect your app. │
│ i  View Emulator UI at http://127.0.0.1:4000/               │
└─────────────────────────────────────────────────────────────┘

┌────────────────┬────────────────┬──────────────────────────────────┐
│ Emulator       │ Host:Port      │ View in Emulator UI              │
├────────────────┼────────────────┼──────────────────────────────────┤
│ Authentication │ 127.0.0.1:9099 │ http://127.0.0.1:4000/auth       │
├────────────────┼────────────────┼──────────────────────────────────┤
│ Functions      │ 127.0.0.1:5001 │ http://127.0.0.1:4000/functions  │
├────────────────┼────────────────┼──────────────────────────────────┤
│ Firestore      │ 127.0.0.1:8082 │ http://127.0.0.1:4000/firestore  │
├────────────────┼────────────────┼──────────────────────────────────┤
│ Hosting        │ 127.0.0.1:5000 │ n/a                              │
├────────────────┼────────────────┼──────────────────────────────────┤
│ Storage        │ 127.0.0.1:9199 │ http://127.0.0.1:4000/storage    │
├────────────────┼────────────────┼──────────────────────────────────┤
│ Extensions     │ 127.0.0.1:5001 │ http://127.0.0.1:4000/extensions │
└────────────────┴────────────────┴──────────────────────────────────┘
  Emulator Hub host: 127.0.0.1 port: 4400
  Other reserved ports: 4500, 9150
┌─────────────────────────┬───────────────┬─────────────────────┐
│ Extension Instance Name │ Extension Ref │ View in Emulator UI │
└─────────────────────────┴───────────────┴─────────────────────┘
Issues? Report them at https://github.com/firebase/firebase-tools/issues and attach the *-debug.log files.
 
